[  1%] Building CXX object CMakeFiles/minicpu_demos.dir/demos/demo.cpp.o
[  2%] Building CXX object 46_virtual_chips/CMakeFiles/virtual_chips_test.dir/test.cpp.o
[  3%] Building CXX object CMakeFiles/minisoc.dir/tools/minisoc_main.cpp.o
[  4%] Building CXX object CMakeFiles/minicpu_lessons.dir/tests/lessons.cpp.o
[  5%] Linking CXX executable bin/minisoc
[  6%] Linking CXX executable ../bin/virtual_chips_test
[  6%] Built target virtual_chips_test
[  6%] Built target minisoc
[  7%] Linking CXX static library libminicpu_demos.a
[  7%] Built target minicpu_demos
[  8%] Building CXX object 01_gpio_rw32/CMakeFiles/stage01.dir/main.cpp.o
[ 10%] Building CXX object 03_bus_rw/CMakeFiles/stage03.dir/main.cpp.o
[ 10%] Building CXX object 02_ram_rw32/CMakeFiles/stage02.dir/main.cpp.o
[ 13%] Linking CXX executable ../bin/02_ram_rw32
[ 13%] Linking CXX executable ../bin/01_gpio_rw32
[ 13%] Linking CXX executable ../bin/03_bus_rw
[ 13%] Built target stage03
[ 13%] Built target stage01
[ 13%] Built target stage02
[ 14%] Building CXX object 04_rom_rw/CMakeFiles/stage04.dir/main.cpp.o
[ 15%] Building CXX object 05_cpu_fetch/CMakeFiles/stage05.dir/main.cpp.o
[ 16%] Building CXX object 06_cpu_addi/CMakeFiles/stage06.dir/main.cpp.o
[ 17%] Linking CXX executable ../bin/04_rom_rw
[ 18%] Linking CXX executable ../bin/05_cpu_fetch
[ 19%] Linking CXX executable ../bin/06_cpu_addi
[ 19%] Built target stage04
[ 20%] Linking CXX static library libminicpu_lessons.a
[ 21%] Building CXX object 07_cpu_decode_refactor/CMakeFiles/stage07.dir/main.cpp.o
[ 21%] Built target stage06
[ 21%] Built target stage05
[ 21%] Built target minicpu_lessons
[ 22%] Building CXX object 08_cpu_op_imm/CMakeFiles/stage08.dir/main.cpp.o
[ 23%] Linking CXX executable ../bin/07_cpu_decode_refactor
[ 24%] Building CXX object 09_cpu_op/CMakeFiles/stage09.dir/main.cpp.o
[ 25%] Building CXX object 10_cpu_lui_auipc/CMakeFiles/stage10.dir/main.cpp.o
[ 26%] Linking CXX executable ../bin/08_cpu_op_imm
[ 27%] Linking CXX executable ../bin/09_cpu_op
[ 28%] Linking CXX executable ../bin/10_cpu_lui_auipc
[ 28%] Built target stage07
[ 28%] Built target stage08
[ 29%] Building CXX object 11_cpu_load/CMakeFiles/stage11.dir/main.cpp.o
[ 29%] Built target stage09
[ 29%] Built target stage10
[ 30%] Building CXX object 12_cpu_store/CMakeFiles/stage12.dir/main.cpp.o
[ 31%] Linking CXX executable ../bin/11_cpu_load
[ 32%] Building CXX object 13_cpu_branch/CMakeFiles/stage13.dir/main.cpp.o
[ 33%] Building CXX object 14_cpu_jump/CMakeFiles/stage14.dir/main.cpp.o
[ 34%] Linking CXX executable ../bin/12_cpu_store
[ 35%] Linking CXX executable ../bin/13_cpu_branch
[ 36%] Linking CXX executable ../bin/14_cpu_jump
[ 36%] Built target stage11
[ 37%] Building CXX object 15_cpu_rv32i_system/CMakeFiles/stage15.dir/main.cpp.o
[ 37%] Built target stage12
[ 37%] Built target stage13
[ 39%] Building CXX object 17_elf_loader/CMakeFiles/stage17.dir/main.cpp.o
[ 39%] Building CXX object 16_cpu_rv32i_complete/CMakeFiles/stage16.dir/main.cpp.o
[ 40%] Linking CXX executable ../bin/15_cpu_rv32i_system
[ 40%] Built target stage14
[ 42%] Linking CXX executable ../bin/17_elf_loader
[ 42%] Linking CXX executable ../bin/16_cpu_rv32i_complete
[ 43%] Building CXX object 18_baremetal_c/CMakeFiles/stage18.dir/main.cpp.o
[ 44%] Linking CXX executable ../bin/18_baremetal_c
[ 44%] Built target stage15
[ 44%] Built target stage16
[ 44%] Built target stage17
[ 45%] Building CXX object 19_cpu_mmio_gpio/CMakeFiles/stage19.dir/main.cpp.o
[ 46%] Building CXX object 21_clock_reset/CMakeFiles/stage21.dir/main.cpp.o
[ 47%] Building CXX object 20_event_scheduler/CMakeFiles/stage20.dir/main.cpp.o
[ 48%] Linking CXX executable ../bin/19_cpu_mmio_gpio
[ 48%] Built target stage18
[ 50%] Linking CXX executable ../bin/21_clock_reset
[ 51%] Linking CXX executable ../bin/20_event_scheduler
[ 52%] Building CXX object 22_zicsr/CMakeFiles/stage22.dir/main.cpp.o
[ 53%] Linking CXX executable ../bin/22_zicsr
[ 53%] Built target stage19
[ 53%] Built target stage21
[ 53%] Built target stage20
[ 54%] Building CXX object 23_exception_trap/CMakeFiles/stage23.dir/main.cpp.o
[ 55%] Building CXX object 24_machine_timer/CMakeFiles/stage24.dir/main.cpp.o
[ 56%] Building CXX object 25_interrupt/CMakeFiles/stage25.dir/main.cpp.o
[ 56%] Built target stage22
[ 57%] Linking CXX executable ../bin/23_exception_trap
[ 58%] Linking CXX executable ../bin/24_machine_timer
[ 59%] Linking CXX executable ../bin/25_interrupt
[ 60%] Building CXX object 26_interrupt_controller/CMakeFiles/stage26.dir/main.cpp.o
[ 61%] Linking CXX executable ../bin/26_interrupt_controller
[ 61%] Built target stage25
[ 61%] Built target stage23
[ 61%] Built target stage24
[ 62%] Building CXX object 28_uart_terminal/CMakeFiles/stage28.dir/main.cpp.o
[ 63%] Building CXX object 27_uart/CMakeFiles/stage27.dir/main.cpp.o
[ 64%] Building CXX object 29_spi_controller/CMakeFiles/stage29.dir/main.cpp.o
[ 64%] Built target stage26
[ 65%] Linking CXX executable ../bin/28_uart_terminal
[ 66%] Linking CXX executable ../bin/27_uart
[ 67%] Building CXX object 30_spi_bus/CMakeFiles/stage30.dir/main.cpp.o
[ 68%] Linking CXX executable ../bin/29_spi_controller
[ 69%] Linking CXX executable ../bin/30_spi_bus
[ 69%] Built target stage28
[ 69%] Built target stage27
[ 69%] Built target stage29
[ 70%] Building CXX object 31_spi_flash/CMakeFiles/stage31.dir/main.cpp.o
[ 72%] Building CXX object 33_i2c_bus/CMakeFiles/stage33.dir/main.cpp.o
[ 72%] Building CXX object 32_i2c_controller/CMakeFiles/stage32.dir/main.cpp.o
[ 72%] Built target stage30
[ 73%] Linking CXX executable ../bin/31_spi_flash
[ 75%] Linking CXX executable ../bin/33_i2c_bus
[ 75%] Linking CXX executable ../bin/32_i2c_controller
[ 76%] Building CXX object 34_i2c_sensor/CMakeFiles/stage34.dir/main.cpp.o
[ 77%] Linking CXX executable ../bin/34_i2c_sensor
[ 77%] Built target stage33
[ 77%] Built target stage32
[ 77%] Built target stage31
[ 78%] Building CXX object 35_gpio_interrupt/CMakeFiles/stage35.dir/main.cpp.o
[ 80%] Building CXX object 36_general_timer/CMakeFiles/stage36.dir/main.cpp.o
[ 80%] Building CXX object 37_freertos/CMakeFiles/stage37.dir/main.cpp.o
[ 80%] Built target stage34
[ 82%] Linking CXX executable ../bin/36_general_timer
[ 82%] Linking CXX executable ../bin/35_gpio_interrupt
[ 83%] Linking CXX executable ../bin/37_freertos
[ 84%] Building CXX object 38_dma_mem2mem/CMakeFiles/stage38.dir/main.cpp.o
[ 85%] Linking CXX executable ../bin/38_dma_mem2mem
[ 85%] Built target stage37
[ 85%] Built target stage35
[ 85%] Built target stage36
[ 85%] Built target stage38
[ 86%] Building CXX object 39_dma_peripheral/CMakeFiles/stage39.dir/main.cpp.o
[ 87%] Building CXX object 41_i2c_eeprom/CMakeFiles/stage41.dir/main.cpp.o
[ 88%] Building CXX object 40_spi_imu/CMakeFiles/stage40.dir/main.cpp.o
[ 89%] Building CXX object 42_adc/CMakeFiles/stage42.dir/main.cpp.o
[ 90%] Linking CXX executable ../bin/39_dma_peripheral
[ 92%] Linking CXX executable ../bin/41_i2c_eeprom
[ 92%] Linking CXX executable ../bin/40_spi_imu
[ 93%] Linking CXX executable ../bin/42_adc
[ 93%] Built target stage39
[ 93%] Built target stage41
[ 93%] Built target stage40
[ 93%] Built target stage42
[ 94%] Building CXX object 46_virtual_chips/CMakeFiles/stage46.dir/main.cpp.o
[ 95%] Building CXX object CMakeFiles/minicpu_stage_test.dir/tests/stage_test_main.cpp.o
[ 96%] Building CXX object CMakeFiles/regressions.dir/tests/regressions.cpp.o
[ 97%] Linking CXX executable ../bin/46_virtual_chips
[ 97%] Built target stage46
[ 98%] Linking CXX executable bin/minicpu_stage_test
[ 98%] Built target minicpu_stage_test
[100%] Linking CXX executable bin/regressions
[100%] Built target regressions
